******************************************************************************
                  TI ARM Linker Unix v20.2.7                   
******************************************************************************
>> Linked Tue Nov 19 00:16:40 2024

OUTPUT FILE NAME:   <IR-Stopwatch_Tiva.out>
ENTRY POINT SYMBOL: "_c_int00_noargs"  address: 0000065d


MEMORY CONFIGURATION

         name            origin    length      used     unused   attr    fill
----------------------  --------  ---------  --------  --------  ----  --------
  FLASH                 00000000   00040000  000006d2  0003f92e  R  X
  SRAM                  20000000   00008000  00000218  00007de8  RW X


SEGMENT ALLOCATION MAP

run origin  load origin   length   init length attrs members
----------  ----------- ---------- ----------- ----- -------
00000000    00000000    000006d8   000006d8    r-x
  00000000    00000000    0000026c   0000026c    r-- .intvecs
  0000026c    0000026c    00000446   00000446    r-x .text
  000006b8    000006b8    00000020   00000020    r-- .cinit
20000000    20000000    00000218   00000000    rw-
  20000000    20000000    00000200   00000000    rw- .stack
  20000200    20000200    00000018   00000000    rw- .data


SECTION ALLOCATION MAP

 output                                  attributes/
section   page    origin      length       input sections
--------  ----  ----------  ----------   ----------------
.intvecs   0    00000000    0000026c     
                  00000000    0000026c     tm4c123gh6pm_startup_ccs.obj (.intvecs)

.text      0    0000026c    00000446     
                  0000026c    000002a8     main.obj (.text)
                  00000514    0000009c     rtsv7M4_T_le_v4SPD16_eabi.lib : memcpy_t2.asm.obj (.text)
                  000005b0    00000068                                   : copy_decompress_lzss.c.obj (.text:decompress:lzss:__TI_decompress_lzss)
                  00000618    00000044                                   : autoinit.c.obj (.text:__TI_auto_init_nobinit_nopinit:__TI_auto_init_nobinit_nopinit)
                  0000065c    00000034                                   : boot_cortex_m.c.obj (.text:_c_int00_noargs:_c_int00_noargs)
                  00000690    0000000e                                   : copy_decompress_none.c.obj (.text:decompress:none:__TI_decompress_none)
                  0000069e    0000000c     tm4c123gh6pm_startup_ccs.obj (.text)
                  000006aa    00000004     rtsv7M4_T_le_v4SPD16_eabi.lib : pre_init.c.obj (.text:_system_pre_init)
                  000006ae    00000004                                   : exit.c.obj (.text:abort:abort)

.cinit     0    000006b8    00000020     
                  000006b8    0000000e     (.cinit..data.load) [load image, compression = lzss]
                  000006c6    00000002     --HOLE-- [fill = 0]
                  000006c8    00000008     (__TI_handler_table)
                  000006d0    00000008     (__TI_cinit_table)

.init_array 
*          0    00000000    00000000     UNINITIALIZED

.data      0    20000200    00000018     UNINITIALIZED
                  20000200    00000018     main.obj (.data)

.stack     0    20000000    00000200     UNINITIALIZED
                  20000000    00000004     rtsv7M4_T_le_v4SPD16_eabi.lib : boot_cortex_m.c.obj (.stack)
                  20000004    000001fc     --HOLE--

__llvm_prf_cnts 
*          0    20000000    00000000     UNINITIALIZED

MODULE SUMMARY

       Module                         code   ro data   rw data
       ------                         ----   -------   -------
    ./
       main.obj                       680    0         24     
       tm4c123gh6pm_startup_ccs.obj   12     620       0      
    +--+------------------------------+------+---------+---------+
       Total:                         692    620       24     
                                                              
    /Applications/ti/ccs1271/ccs/tools/compiler/ti-cgt-arm_20.2.7.LTS/lib/rtsv7M4_T_le_v4SPD16_eabi.lib
       memcpy_t2.asm.obj              156    0         0      
       copy_decompress_lzss.c.obj     104    0         0      
       autoinit.c.obj                 68     0         0      
       boot_cortex_m.c.obj            52     0         0      
       copy_decompress_none.c.obj     14     0         0      
       exit.c.obj                     4      0         0      
       pre_init.c.obj                 4      0         0      
    +--+------------------------------+------+---------+---------+
       Total:                         402    0         0      
                                                              
       Stack:                         0      0         512    
       Linker Generated:              0      30        0      
    +--+------------------------------+------+---------+---------+
       Grand Total:                   1094   650       536    


LINKER GENERATED COPY TABLES

__TI_cinit_table @ 000006d0 records: 1, size/record: 8, table size: 8
	.data: load addr=000006b8, load size=0000000e bytes, run addr=20000200, run size=00000018 bytes, compression=lzss


LINKER GENERATED HANDLER TABLE

__TI_handler_table @ 000006c8 records: 2, size/record: 4, table size: 8
	index: 0, handler: __TI_decompress_lzss
	index: 1, handler: __TI_decompress_none


GLOBAL SYMBOLS: SORTED ALPHABETICALLY BY Name 

address   name                          
-------   ----                          
00000289  Buttons_Init                  
000006af  C$$EXIT                       
0000037b  ControlLED                    
0000041d  DisplayTime                   
000003d7  GPIOA_Handler                 
000003bd  GPIOF_Handler                 
00000351  LED_Init                      
0000069f  ResetISR                      
000003ad  SysTick_Handler               
0000026d  SysTick_Init                  
20000200  __STACK_END                   
00000200  __STACK_SIZE                  
20000200  __STACK_TOP                   
000006d0  __TI_CINIT_Base               
000006d8  __TI_CINIT_Limit              
000006c8  __TI_Handler_Table_Base       
000006d0  __TI_Handler_Table_Limit      
00000619  __TI_auto_init_nobinit_nopinit
000005b1  __TI_decompress_lzss          
00000691  __TI_decompress_none          
ffffffff  __TI_pprof_out_hndl           
ffffffff  __TI_prof_data_size           
ffffffff  __TI_prof_data_start          
00000000  __TI_static_base__            
00000515  __aeabi_memcpy                
00000515  __aeabi_memcpy4               
00000515  __aeabi_memcpy8               
ffffffff  __binit__                     
ffffffff  __c_args__                    
UNDEFED   __mpu_init                    
20000000  __stack                       
20000000  __start___llvm_prf_cnts       
20000000  __stop___llvm_prf_cnts        
0000065d  _c_int00_noargs               
UNDEFED   _system_post_cinit            
000006ab  _system_pre_init              
000006af  abort                         
ffffffff  binit                         
20000200  countdown_value               
00000000  g_pfnVectors                  
20000210  hours                         
20000205  ir_state                      
0000047f  main                          
00000515  memcpy                        
20000214  milliseconds                  
2000020c  minutes                       
20000204  running                       
20000208  seconds                       


GLOBAL SYMBOLS: SORTED BY Symbol Address 

address   name                          
-------   ----                          
00000000  __TI_static_base__            
00000000  g_pfnVectors                  
00000200  __STACK_SIZE                  
0000026d  SysTick_Init                  
00000289  Buttons_Init                  
00000351  LED_Init                      
0000037b  ControlLED                    
000003ad  SysTick_Handler               
000003bd  GPIOF_Handler                 
000003d7  GPIOA_Handler                 
0000041d  DisplayTime                   
0000047f  main                          
00000515  __aeabi_memcpy                
00000515  __aeabi_memcpy4               
00000515  __aeabi_memcpy8               
00000515  memcpy                        
000005b1  __TI_decompress_lzss          
00000619  __TI_auto_init_nobinit_nopinit
0000065d  _c_int00_noargs               
00000691  __TI_decompress_none          
0000069f  ResetISR                      
000006ab  _system_pre_init              
000006af  C$$EXIT                       
000006af  abort                         
000006c8  __TI_Handler_Table_Base       
000006d0  __TI_CINIT_Base               
000006d0  __TI_Handler_Table_Limit      
000006d8  __TI_CINIT_Limit              
20000000  __stack                       
20000000  __start___llvm_prf_cnts       
20000000  __stop___llvm_prf_cnts        
20000200  __STACK_END                   
20000200  __STACK_TOP                   
20000200  countdown_value               
20000204  running                       
20000205  ir_state                      
20000208  seconds                       
2000020c  minutes                       
20000210  hours                         
20000214  milliseconds                  
ffffffff  __TI_pprof_out_hndl           
ffffffff  __TI_prof_data_size           
ffffffff  __TI_prof_data_start          
ffffffff  __binit__                     
ffffffff  __c_args__                    
ffffffff  binit                         
UNDEFED   __mpu_init                    
UNDEFED   _system_post_cinit            

[48 symbols]
