******************************************************************************
                  TI ARM Linker Unix v20.2.7                   
******************************************************************************
>> Linked Thu Nov 28 00:32:24 2024

OUTPUT FILE NAME:   <IR-Stopwatch_Tiva.out>
ENTRY POINT SYMBOL: "_c_int00_noargs"  address: 000008e5


MEMORY CONFIGURATION

         name            origin    length      used     unused   attr    fill
----------------------  --------  ---------  --------  --------  ----  --------
  FLASH                 00000000   00040000  0000095a  0003f6a6  R  X
  SRAM                  20000000   00008000  00000218  00007de8  RW X


SEGMENT ALLOCATION MAP

run origin  load origin   length   init length attrs members
----------  ----------- ---------- ----------- ----- -------
00000000    00000000    00000960   00000960    r-x
  00000000    00000000    0000026c   0000026c    r-- .intvecs
  0000026c    0000026c    000006ce   000006ce    r-x .text
  00000940    00000940    00000020   00000020    r-- .cinit
20000000    20000000    00000218   00000000    rw-
  20000000    20000000    00000200   00000000    rw- .stack
  20000200    20000200    00000018   00000000    rw- .data


SECTION ALLOCATION MAP

 output                                  attributes/
section   page    origin      length       input sections
--------  ----  ----------  ----------   ----------------
.intvecs   0    00000000    0000026c     
                  00000000    0000026c     tm4c123gh6pm_startup_ccs.obj (.intvecs)

.text      0    0000026c    000006ce     
                  0000026c    00000530     UART.obj (.text)
                  0000079c    0000009c     rtsv7M4_T_le_v4SPD16_eabi.lib : memcpy_t2.asm.obj (.text)
                  00000838    00000068                                   : copy_decompress_lzss.c.obj (.text:decompress:lzss:__TI_decompress_lzss)
                  000008a0    00000044                                   : autoinit.c.obj (.text:__TI_auto_init_nobinit_nopinit:__TI_auto_init_nobinit_nopinit)
                  000008e4    00000034                                   : boot_cortex_m.c.obj (.text:_c_int00_noargs:_c_int00_noargs)
                  00000918    0000000e                                   : copy_decompress_none.c.obj (.text:decompress:none:__TI_decompress_none)
                  00000926    0000000c     tm4c123gh6pm_startup_ccs.obj (.text)
                  00000932    00000004     rtsv7M4_T_le_v4SPD16_eabi.lib : pre_init.c.obj (.text:_system_pre_init)
                  00000936    00000004                                   : exit.c.obj (.text:abort:abort)

.cinit     0    00000940    00000020     
                  00000940    0000000e     (.cinit..data.load) [load image, compression = lzss]
                  0000094e    00000002     --HOLE-- [fill = 0]
                  00000950    00000008     (__TI_handler_table)
                  00000958    00000008     (__TI_cinit_table)

.init_array 
*          0    00000000    00000000     UNINITIALIZED

.data      0    20000200    00000018     UNINITIALIZED
                  20000200    00000018     UART.obj (.data)

.stack     0    20000000    00000200     UNINITIALIZED
                  20000000    00000004     rtsv7M4_T_le_v4SPD16_eabi.lib : boot_cortex_m.c.obj (.stack)
                  20000004    000001fc     --HOLE--

__llvm_prf_cnts 
*          0    20000000    00000000     UNINITIALIZED

MODULE SUMMARY

       Module                         code   ro data   rw data
       ------                         ----   -------   -------
    ./
       UART.obj                       1328   0         24     
       tm4c123gh6pm_startup_ccs.obj   12     620       0      
    +--+------------------------------+------+---------+---------+
       Total:                         1340   620       24     
                                                              
    /Applications/ti/ccs1271/ccs/tools/compiler/ti-cgt-arm_20.2.7.LTS/lib/rtsv7M4_T_le_v4SPD16_eabi.lib
       memcpy_t2.asm.obj              156    0         0      
       copy_decompress_lzss.c.obj     104    0         0      
       autoinit.c.obj                 68     0         0      
       boot_cortex_m.c.obj            52     0         0      
       copy_decompress_none.c.obj     14     0         0      
       exit.c.obj                     4      0         0      
       pre_init.c.obj                 4      0         0      
    +--+------------------------------+------+---------+---------+
       Total:                         402    0         0      
                                                              
       Stack:                         0      0         512    
       Linker Generated:              0      30        0      
    +--+------------------------------+------+---------+---------+
       Grand Total:                   1742   650       536    


LINKER GENERATED COPY TABLES

__TI_cinit_table @ 00000958 records: 1, size/record: 8, table size: 8
	.data: load addr=00000940, load size=0000000e bytes, run addr=20000200, run size=00000018 bytes, compression=lzss


LINKER GENERATED HANDLER TABLE

__TI_handler_table @ 00000950 records: 2, size/record: 4, table size: 8
	index: 0, handler: __TI_decompress_lzss
	index: 1, handler: __TI_decompress_none


GLOBAL SYMBOLS: SORTED ALPHABETICALLY BY Name 

address   name                          
-------   ----                          
00000289  Buttons_Init                  
00000937  C$$EXIT                       
0000037b  ControlLED                    
000006bd  DisplayTime                   
000005a5  GPIOA_Handler                 
00000503  GPIOF_Handler                 
00000351  LED_Init                      
00000927  ResetISR                      
000004f3  SysTick_Handler               
0000026d  SysTick_Init                  
000003ad  UART5_Init                    
0000044f  UART5_SendNumber              
0000040b  UART5_SendString              
20000200  __STACK_END                   
00000200  __STACK_SIZE                  
20000200  __STACK_TOP                   
00000958  __TI_CINIT_Base               
00000960  __TI_CINIT_Limit              
00000950  __TI_Handler_Table_Base       
00000958  __TI_Handler_Table_Limit      
000008a1  __TI_auto_init_nobinit_nopinit
00000839  __TI_decompress_lzss          
00000919  __TI_decompress_none          
ffffffff  __TI_pprof_out_hndl           
ffffffff  __TI_prof_data_size           
ffffffff  __TI_prof_data_start          
00000000  __TI_static_base__            
0000079d  __aeabi_memcpy                
0000079d  __aeabi_memcpy4               
0000079d  __aeabi_memcpy8               
ffffffff  __binit__                     
ffffffff  __c_args__                    
UNDEFED   __mpu_init                    
20000000  __stack                       
20000000  __start___llvm_prf_cnts       
20000000  __stop___llvm_prf_cnts        
000008e5  _c_int00_noargs               
UNDEFED   _system_post_cinit            
00000933  _system_pre_init              
00000937  abort                         
ffffffff  binit                         
20000200  countdown_value               
00000000  g_pfnVectors                  
20000210  hours                         
0000070d  main                          
0000079d  memcpy                        
20000214  milliseconds                  
2000020c  minutes                       
20000204  running                       
20000208  seconds                       


GLOBAL SYMBOLS: SORTED BY Symbol Address 

address   name                          
-------   ----                          
00000000  __TI_static_base__            
00000000  g_pfnVectors                  
00000200  __STACK_SIZE                  
0000026d  SysTick_Init                  
00000289  Buttons_Init                  
00000351  LED_Init                      
0000037b  ControlLED                    
000003ad  UART5_Init                    
0000040b  UART5_SendString              
0000044f  UART5_SendNumber              
000004f3  SysTick_Handler               
00000503  GPIOF_Handler                 
000005a5  GPIOA_Handler                 
000006bd  DisplayTime                   
0000070d  main                          
0000079d  __aeabi_memcpy                
0000079d  __aeabi_memcpy4               
0000079d  __aeabi_memcpy8               
0000079d  memcpy                        
00000839  __TI_decompress_lzss          
000008a1  __TI_auto_init_nobinit_nopinit
000008e5  _c_int00_noargs               
00000919  __TI_decompress_none          
00000927  ResetISR                      
00000933  _system_pre_init              
00000937  C$$EXIT                       
00000937  abort                         
00000950  __TI_Handler_Table_Base       
00000958  __TI_CINIT_Base               
00000958  __TI_Handler_Table_Limit      
00000960  __TI_CINIT_Limit              
20000000  __stack                       
20000000  __start___llvm_prf_cnts       
20000000  __stop___llvm_prf_cnts        
20000200  __STACK_END                   
20000200  __STACK_TOP                   
20000200  countdown_value               
20000204  running                       
20000208  seconds                       
2000020c  minutes                       
20000210  hours                         
20000214  milliseconds                  
ffffffff  __TI_pprof_out_hndl           
ffffffff  __TI_prof_data_size           
ffffffff  __TI_prof_data_start          
ffffffff  __binit__                     
ffffffff  __c_args__                    
ffffffff  binit                         
UNDEFED   __mpu_init                    
UNDEFED   _system_post_cinit            

[50 symbols]
