******************************************************************************
                  TI ARM Linker Unix v20.2.7                   
******************************************************************************
>> Linked Wed Nov 27 22:47:25 2024

OUTPUT FILE NAME:   <IR-Stopwatch_Tiva.out>
ENTRY POINT SYMBOL: "_c_int00_noargs"  address: 00000649


MEMORY CONFIGURATION

         name            origin    length      used     unused   attr    fill
----------------------  --------  ---------  --------  --------  ----  --------
  FLASH                 00000000   00040000  000006be  0003f942  R  X
  SRAM                  20000000   00008000  00000218  00007de8  RW X


SEGMENT ALLOCATION MAP

run origin  load origin   length   init length attrs members
----------  ----------- ---------- ----------- ----- -------
00000000    00000000    000006c0   000006c0    r-x
  00000000    00000000    0000026c   0000026c    r-- .intvecs
  0000026c    0000026c    00000432   00000432    r-x .text
  000006a0    000006a0    00000020   00000020    r-- .cinit
20000000    20000000    00000218   00000000    rw-
  20000000    20000000    00000200   00000000    rw- .stack
  20000200    20000200    00000018   00000000    rw- .data


SECTION ALLOCATION MAP

 output                                  attributes/
section   page    origin      length       input sections
--------  ----  ----------  ----------   ----------------
.intvecs   0    00000000    0000026c     
                  00000000    0000026c     tm4c123gh6pm_startup_ccs.obj (.intvecs)

.text      0    0000026c    00000432     
                  0000026c    00000294     main.obj (.text)
                  00000500    0000009c     rtsv7M4_T_le_v4SPD16_eabi.lib : memcpy_t2.asm.obj (.text)
                  0000059c    00000068                                   : copy_decompress_lzss.c.obj (.text:decompress:lzss:__TI_decompress_lzss)
                  00000604    00000044                                   : autoinit.c.obj (.text:__TI_auto_init_nobinit_nopinit:__TI_auto_init_nobinit_nopinit)
                  00000648    00000034                                   : boot_cortex_m.c.obj (.text:_c_int00_noargs:_c_int00_noargs)
                  0000067c    0000000e                                   : copy_decompress_none.c.obj (.text:decompress:none:__TI_decompress_none)
                  0000068a    0000000c     tm4c123gh6pm_startup_ccs.obj (.text)
                  00000696    00000004     rtsv7M4_T_le_v4SPD16_eabi.lib : pre_init.c.obj (.text:_system_pre_init)
                  0000069a    00000004                                   : exit.c.obj (.text:abort:abort)

.cinit     0    000006a0    00000020     
                  000006a0    0000000e     (.cinit..data.load) [load image, compression = lzss]
                  000006ae    00000002     --HOLE-- [fill = 0]
                  000006b0    00000008     (__TI_handler_table)
                  000006b8    00000008     (__TI_cinit_table)

.init_array 
*          0    00000000    00000000     UNINITIALIZED

.data      0    20000200    00000018     UNINITIALIZED
                  20000200    00000018     main.obj (.data)

.stack     0    20000000    00000200     UNINITIALIZED
                  20000000    00000004     rtsv7M4_T_le_v4SPD16_eabi.lib : boot_cortex_m.c.obj (.stack)
                  20000004    000001fc     --HOLE--

__llvm_prf_cnts 
*          0    20000000    00000000     UNINITIALIZED

MODULE SUMMARY

       Module                         code   ro data   rw data
       ------                         ----   -------   -------
    ./
       main.obj                       660    0         24     
       tm4c123gh6pm_startup_ccs.obj   12     620       0      
    +--+------------------------------+------+---------+---------+
       Total:                         672    620       24     
                                                              
    /Applications/ti/ccs1271/ccs/tools/compiler/ti-cgt-arm_20.2.7.LTS/lib/rtsv7M4_T_le_v4SPD16_eabi.lib
       memcpy_t2.asm.obj              156    0         0      
       copy_decompress_lzss.c.obj     104    0         0      
       autoinit.c.obj                 68     0         0      
       boot_cortex_m.c.obj            52     0         0      
       copy_decompress_none.c.obj     14     0         0      
       exit.c.obj                     4      0         0      
       pre_init.c.obj                 4      0         0      
    +--+------------------------------+------+---------+---------+
       Total:                         402    0         0      
                                                              
       Stack:                         0      0         512    
       Linker Generated:              0      30        0      
    +--+------------------------------+------+---------+---------+
       Grand Total:                   1074   650       536    


LINKER GENERATED COPY TABLES

__TI_cinit_table @ 000006b8 records: 1, size/record: 8, table size: 8
	.data: load addr=000006a0, load size=0000000e bytes, run addr=20000200, run size=00000018 bytes, compression=lzss


LINKER GENERATED HANDLER TABLE

__TI_handler_table @ 000006b0 records: 2, size/record: 4, table size: 8
	index: 0, handler: __TI_decompress_lzss
	index: 1, handler: __TI_decompress_none


GLOBAL SYMBOLS: SORTED ALPHABETICALLY BY Name 

address   name                          
-------   ----                          
00000289  Buttons_Init                  
0000069b  C$$EXIT                       
0000037b  ControlLED                    
00000409  DisplayTime                   
000003d7  GPIOA_Handler                 
000003bd  GPIOF_Handler                 
00000351  LED_Init                      
0000068b  ResetISR                      
000003ad  SysTick_Handler               
0000026d  SysTick_Init                  
20000200  __STACK_END                   
00000200  __STACK_SIZE                  
20000200  __STACK_TOP                   
000006b8  __TI_CINIT_Base               
000006c0  __TI_CINIT_Limit              
000006b0  __TI_Handler_Table_Base       
000006b8  __TI_Handler_Table_Limit      
00000605  __TI_auto_init_nobinit_nopinit
0000059d  __TI_decompress_lzss          
0000067d  __TI_decompress_none          
ffffffff  __TI_pprof_out_hndl           
ffffffff  __TI_prof_data_size           
ffffffff  __TI_prof_data_start          
00000000  __TI_static_base__            
00000501  __aeabi_memcpy                
00000501  __aeabi_memcpy4               
00000501  __aeabi_memcpy8               
ffffffff  __binit__                     
ffffffff  __c_args__                    
UNDEFED   __mpu_init                    
20000000  __stack                       
20000000  __start___llvm_prf_cnts       
20000000  __stop___llvm_prf_cnts        
00000649  _c_int00_noargs               
UNDEFED   _system_post_cinit            
00000697  _system_pre_init              
0000069b  abort                         
ffffffff  binit                         
20000200  countdown_value               
00000000  g_pfnVectors                  
20000210  hours                         
0000046b  main                          
00000501  memcpy                        
20000214  milliseconds                  
2000020c  minutes                       
20000204  running                       
20000208  seconds                       


GLOBAL SYMBOLS: SORTED BY Symbol Address 

address   name                          
-------   ----                          
00000000  __TI_static_base__            
00000000  g_pfnVectors                  
00000200  __STACK_SIZE                  
0000026d  SysTick_Init                  
00000289  Buttons_Init                  
00000351  LED_Init                      
0000037b  ControlLED                    
000003ad  SysTick_Handler               
000003bd  GPIOF_Handler                 
000003d7  GPIOA_Handler                 
00000409  DisplayTime                   
0000046b  main                          
00000501  __aeabi_memcpy                
00000501  __aeabi_memcpy4               
00000501  __aeabi_memcpy8               
00000501  memcpy                        
0000059d  __TI_decompress_lzss          
00000605  __TI_auto_init_nobinit_nopinit
00000649  _c_int00_noargs               
0000067d  __TI_decompress_none          
0000068b  ResetISR                      
00000697  _system_pre_init              
0000069b  C$$EXIT                       
0000069b  abort                         
000006b0  __TI_Handler_Table_Base       
000006b8  __TI_CINIT_Base               
000006b8  __TI_Handler_Table_Limit      
000006c0  __TI_CINIT_Limit              
20000000  __stack                       
20000000  __start___llvm_prf_cnts       
20000000  __stop___llvm_prf_cnts        
20000200  __STACK_END                   
20000200  __STACK_TOP                   
20000200  countdown_value               
20000204  running                       
20000208  seconds                       
2000020c  minutes                       
20000210  hours                         
20000214  milliseconds                  
ffffffff  __TI_pprof_out_hndl           
ffffffff  __TI_prof_data_size           
ffffffff  __TI_prof_data_start          
ffffffff  __binit__                     
ffffffff  __c_args__                    
ffffffff  binit                         
UNDEFED   __mpu_init                    
UNDEFED   _system_post_cinit            

[47 symbols]
